--------------------------------------------------------------------------------------
Timing Analyzer Summary
--------------------------------------------------------------------------------------

Type           : Worst-case tsu
Slack          : N/A
Required Time  : None
Actual Time    : 7.600 ns
From           : colum[2]
To             : keycode[1]~reg0
From Clock     : --
To Clock       : fin
Failed Paths   : 0

Type           : Worst-case tco
Slack          : N/A
Required Time  : None
Actual Time    : 20.400 ns
From           : h2code[1]
To             : scan[0]
From Clock     : fin
To Clock       : --
Failed Paths   : 0

Type           : Worst-case tpd
Slack          : N/A
Required Time  : None
Actual Time    : 10.000 ns
From           : P14
To             : P1
From Clock     : --
To Clock       : --
Failed Paths   : 0

Type           : Worst-case th
Slack          : N/A
Required Time  : None
Actual Time    : 4.400 ns
From           : colum[2]
To             : keycode[1]~reg0
From Clock     : --
To Clock       : fin
Failed Paths   : 0

Type           : Clock Setup: 'fin'
Slack          : N/A
Required Time  : None
Actual Time    : 98.04 MHz ( period = 10.200 ns )
From           : h2code[1]
To             : keycode[1]~reg0
From Clock     : fin
To Clock       : fin
Failed Paths   : 0

Type           : Total number of failed paths
Slack          : 
Required Time  : 
Actual Time    : 
From           : 
To             : 
From Clock     : 
To Clock       : 
Failed Paths   : 0

--------------------------------------------------------------------------------------

